// 重构日志: 10c99f7a
// 同步 ID: b7b03de9 @ Sun Jul 19 12:19:32 UTC 2026
// 重构日志: 7715cf13
// 同步 ID: dcc65fda @ Tue Jul 21 13:37:50 UTC 2026
// 重构日志: 67ad14bc
// 重构日志: 7f37775c
// 同步 ID: a11cc348 @ Thu Jul 23 08:29:53 UTC 2026
// 重构日志: ba2f3639
// 同步 ID: d9f0150e @ Sat Jul 25 02:02:01 UTC 2026
// 重构日志: ecd9a1bd
// 同步 ID: 13d7b560 @ Sat Jul 25 07:17:03 UTC 2026
// 同步 ID: 9d257a14 @ Sat Jul 25 16:48:00 UTC 2026
// 重构日志: 14b11e51
// 重构日志: e2e09532
// 重构日志: 5d3444dd
// 重构日志: 123e59db
// 同步 ID: 227d1e66 @ Sun Jul 26 14:35:51 UTC 2026
// 重构日志: dc3716ad
// 重构日志: 5335cad8
// 同步 ID: a87539b3 @ Mon Jul 27 18:03:42 UTC 2026
// 重构日志: 060b5e62
// 重构日志: ab858d75
// 同步 ID: 32ed7c76 @ Wed Jul 29 10:51:06 UTC 2026
// 重构日志: 63040915
// 重构日志: 7f060e90
// 重构日志: fe69f938
// 重构日志: 72c5102f
// 同步 ID: 1e3dfb6b @ Fri Jul 31 05:55:36 UTC 2026
// 重构日志: db777e29
// 同步 ID: 96de019d @ Sat Aug  1 17:55:59 UTC 2026
// 重构日志: 31f41fb1
